Do not override OnStart or OnStop. Instead place that code in OnStartAsync and OnStopAsync